warning Avoid hidden heap memory management. Instead pass in an Allocator so that the caller knows where memory is being allocated. [test_cases/no_hidden_allocations/no_hidden_allocations.input.zig:7:11] no_hidden_allocations

 7 |     defer heap.page_allocator.free(bad_b);
   |           ^^^^^^^^^^^^^^^^^^^^^^^^^

warning Avoid hidden heap memory management. Instead pass in an Allocator so that the caller knows where memory is being allocated. [test_cases/no_hidden_allocations/no_hidden_allocations.input.zig:6:23] no_hidden_allocations

 6 |     const bad_b = try heap.page_allocator.alloc(u8, 2);
   |                       ^^^^^^^^^^^^^^^^^^^^^^^^^^

warning Avoid hidden heap memory management. Instead pass in an Allocator so that the caller knows where memory is being allocated. [test_cases/no_hidden_allocations/no_hidden_allocations.input.zig:4:11] no_hidden_allocations

 4 |     defer std.heap.c_allocator.destroy(bad_a);
   |           ^^^^^^^^^^^^^^^^^^^^^^^^^^^^^

warning Avoid hidden heap memory management. Instead pass in an Allocator so that the caller knows where memory is being allocated. [test_cases/no_hidden_allocations/no_hidden_allocations.input.zig:3:23] no_hidden_allocations

 3 |     const bad_a = try std.heap.c_allocator.create(u32);
   |                       ^^^^^^^^^^^^^^^^^^^^^^^^^^^^

x 4 warnings
