warning Deprecated: also not this [test_cases/no_deprecation/no_deprecation.input.zig:14:16] no_deprecation

 14 |         return self.field_a;
    |                ^^^^^^^^^^^^

warning Deprecated - don't use this [test_cases/no_deprecation/no_deprecation.input.zig:19:35] no_deprecation

 19 |     std.log.err("Message: {s}", .{message});
    |                                   ^^^^^^^

warning Deprecated - don't use this [test_cases/no_deprecation/no_deprecation.input.zig:21:25] no_deprecation

 21 |     const indirection = message;
    |                         ^^^^^^^

warning Deprecated - - function not good [test_cases/no_deprecation/no_deprecation.input.zig:24:5] no_deprecation

 24 |     doNothing();
    |     ^^^^^^^^^

warning Deprecated: also not this [test_cases/no_deprecation/no_deprecation.input.zig:27:39] no_deprecation

 27 |     std.log.err("Fields: {d} {d}", .{ me.field_a, me.field_b });
    |                                       ^^^^^^^^^^

warning Deprecated: - not good [test_cases/no_deprecation/no_deprecation.input.zig:30:9] no_deprecation

 30 |     _ = me.alsoDoNothing();
    |         ^^^^^^^^^^^^^^^^

x 6 warnings
