warning Union fields should be in alphabetical order [test_cases/field_ordering/field_ordering.input.zig:33:7] field_ordering

 33 |     },
    |       
 34 | 
    | ^
 35 |     /// With doc comments
    | ^^^^^^^^^^^^^^^^^^^^^^^^^
 36 |     /// on multiple lines
    | ^^^^^^^^^^^^^^^^^^^^^^^^^
 37 |     my_union_c: f32,
    | ^^^^^^^^^^^^^^^^^^^^
 38 | 
    | ^
 39 |     my_union_b: u32,
    | ^^^^^^^^^^^^^^^^^^^

warning Struct fields should be in alphabetical order [test_cases/field_ordering/field_ordering.input.zig:28:25] field_ordering

 28 |     my_union_a: struct {
    |                         
 29 |         /// Nested fields
    | ^^^^^^^^^^^^^^^^^^^^^^^^^
 30 |         c: f32,
    | ^^^^^^^^^^^^^^^
 31 |         d: u32,
    | ^^^^^^^^^^^^^^

warning Enum fields should be in alphabetical order [test_cases/field_ordering/field_ordering.input.zig:18:22] field_ordering

 18 | const MyEnum = enum {
    |                      
 19 |     /// Comment on single line
    | ^^^^^^^^^^^^^^^^^^^^^^^^^^^^^^
 20 |     my_enum_d,
    | ^^^^^^^^^^^^^^
 21 |     my_enum_a,
    | ^^^^^^^^^^^^^^
 22 |     /// Multiline line
    | ^^^^^^^^^^^^^^^^^^^^^^
 23 |     /// comment for enum c
    | ^^^^^^^^^^^^^^^^^^^^^^^^^^
 24 |     my_enum_c,
    | ^^^^^^^^^^^^^

warning Struct fields should be in alphabetical order [test_cases/field_ordering/field_ordering.input.zig:5:22] field_ordering

 5 |     field_d: u32 = 0,
   |                      
 6 | 
   | ^
 7 |     /// Field with comment
   | ^^^^^^^^^^^^^^^^^^^^^^^^^^
 8 |     /// across multiple
   | ^^^^^^^^^^^^^^^^^^^^^^^
 9 |     /// lines
   | ^^^^^^^^^^^^^
 10 |     field_a: u32,
    | ^^^^^^^^^^^^^^^^^
 11 | 
    | ^
 12 |     /// Field with single line comment
    | ^^^^^^^^^^^^^^^^^^^^^^^^^^^^^^^^^^^^^^
 13 |     field_c: u32,
    | ^^^^^^^^^^^^^^^^

x 4 warnings
