9 fixes applied to: .zig-cache/tmp/field_ordering.input.zig
Fixed 9 issues in 1 files!
0 issues disabled by comments.
19 fix passes remaining
1 fixes applied to: .zig-cache/tmp/field_ordering.input.zig
Fixed 1 issues in 1 files!
0 issues disabled by comments.
18 fix passes remaining
Fixed 0 issues in 0 files!
0 issues disabled by comments.
Total of 10 issues fixed
