5 fixes applied to: .zig-cache/tmp/no_unused.input.zig
Fixed 5 issues in 1 files!
3 issues disabled by comments.
19 fix passes remaining
0 fixes applied to: .zig-cache/tmp/no_unused.input.zig
Fixed 0 issues in 1 files!
3 issues disabled by comments.
Total of 5 issues fixed
