warning Avoid number literal arguments as they're ambiguous. [test_cases/no_literal_args/no_literal_args.input.zig:3:12] no_literal_args

 3 |     method(1, 0.5, false, 'a', "Jack");
   |            ^^

warning Avoid number literal arguments as they're ambiguous. [test_cases/no_literal_args/no_literal_args.input.zig:3:15] no_literal_args

 3 |     method(1, 0.5, false, 'a', "Jack");
   |               ^^^^

warning Avoid bool literal arguments as they're ambiguous. [test_cases/no_literal_args/no_literal_args.input.zig:3:20] no_literal_args

 3 |     method(1, 0.5, false, 'a', "Jack");
   |                    ^^^^^^

error Avoid char literal arguments as they're ambiguous. [test_cases/no_literal_args/no_literal_args.input.zig:3:27] no_literal_args

 3 |     method(1, 0.5, false, 'a', "Jack");
   |                           ^^^^

error Avoid string literal arguments as they're ambiguous. [test_cases/no_literal_args/no_literal_args.input.zig:3:32] no_literal_args

 3 |     method(1, 0.5, false, 'a', "Jack");
   |                                ^^^^^^^

x 2 errors
x 3 warnings
