warning Take care when using `undefined` [test_cases/no_undefined/no_undefined.input.zig:42:26] no_undefined

 42 | const bad_buffer: []u8 = undefined;
    |                          ^^^^^^^^^^

warning Take care when using `undefined` [test_cases/no_undefined/no_undefined.input.zig:41:26] no_undefined

 41 | const bad_memory: []u8 = undefined;
    |                          ^^^^^^^^^^

warning Take care when using `undefined` [test_cases/no_undefined/no_undefined.input.zig:5:27] no_undefined

 5 |     std.fmt.log("{s}", .{ undefined, message });
   |                           ^^^^^^^^^^

warning Take care when using `undefined` [test_cases/no_undefined/no_undefined.input.zig:4:41] no_undefined

 4 |     const message = questionable orelse undefined;
   |                                         ^^^^^^^^^^

warning Take care when using `undefined` [test_cases/no_undefined/no_undefined.input.zig:1:30] no_undefined

 1 | var questionable: ?[123]u8 = undefined;
   |                              ^^^^^^^^^^

x 5 warnings
