warning I'm allergic to cats [test_cases/no_cats/no_cats.input.zig:1:11] no_cats

 1 | pub const allow_cats = false;
   |           ^^^^^^^^^^

x 1 warnings
