error Function declaration should be camelCase [test_cases/declaration_naming/functions.input.zig:4:7] declaration_naming

 4 | const Badfn = fn () void{};
   |       ^^^^^

error Type function declaration should be TitleCase [test_cases/declaration_naming/functions.input.zig:5:5] declaration_naming

 5 | var badfnType: fn () type = undefined;
   |     ^^^^^^^^^

error Function declaration should be camelCase [test_cases/declaration_naming/functions.input.zig:10:5] declaration_naming

 10 | var BadFnPtrWithTypeNode: *const fn () void = undefined;
    |     ^^^^^^^^^^^^^^^^^^^^

error Function declaration should be camelCase [test_cases/declaration_naming/functions.input.zig:11:5] declaration_naming

 11 | var bad_fn_ptr_with_type_node: *const fn () void = undefined;
    |     ^^^^^^^^^^^^^^^^^^^^^^^^^

error Type function declaration should be TitleCase [test_cases/declaration_naming/functions.input.zig:12:5] declaration_naming

 12 | var badFnPtrTypeWithTypeNode: *const fn () type = undefined;
    |     ^^^^^^^^^^^^^^^^^^^^^^^^

error Type function declaration should be TitleCase [test_cases/declaration_naming/functions.input.zig:13:5] declaration_naming

 13 | var bad_fn_ptr_type_with_type_node: *const fn () type = undefined;
    |     ^^^^^^^^^^^^^^^^^^^^^^^^^^^^^^

error Function declaration should be camelCase [test_cases/declaration_naming/functions.input.zig:17:7] declaration_naming

 17 | const BadFnPtrWithInitNode = &noop;
    |       ^^^^^^^^^^^^^^^^^^^^

error Function declaration should be camelCase [test_cases/declaration_naming/functions.input.zig:18:7] declaration_naming

 18 | const bad_fn_ptr_with_init_node = &noop;
    |       ^^^^^^^^^^^^^^^^^^^^^^^^^

error Type function declaration should be TitleCase [test_cases/declaration_naming/functions.input.zig:19:7] declaration_naming

 19 | const badFnPtrTypeWithInitNode = &GiveType;
    |       ^^^^^^^^^^^^^^^^^^^^^^^^

error Type function declaration should be TitleCase [test_cases/declaration_naming/functions.input.zig:20:7] declaration_naming

 20 | const bad_fn_ptr_type_with_init_node = &GiveType;
    |       ^^^^^^^^^^^^^^^^^^^^^^^^^^^^^^

error Function declaration should be camelCase [test_cases/declaration_naming/functions.input.zig:33:7] declaration_naming

 33 | const BadFnPtrOptional: ?*const fn () void = null;
    |       ^^^^^^^^^^^^^^^^

error Type function declaration should be TitleCase [test_cases/declaration_naming/functions.input.zig:34:7] declaration_naming

 34 | const badFnPtrOptionalType: ?*const fn () type = null;
    |       ^^^^^^^^^^^^^^^^^^^^

error Function declaration should be camelCase [test_cases/declaration_naming/functions.input.zig:39:9] declaration_naming

 39 |     var BadNestedFn: *const fn () void = undefined;
    |         ^^^^^^^^^^^

x 13 errors
