error Struct declaration should be TitleCase [test_cases/declaration_naming/types.input.zig:3:7] declaration_naming

 3 | const myBadStruct = struct { a: u32 };
   |       ^^^^^^^^^^^

error Struct declaration should be TitleCase [test_cases/declaration_naming/types.input.zig:4:7] declaration_naming

 4 | const my_bad_struct = MyGoodStruct;
   |       ^^^^^^^^^^^^^

error Type declaration should be TitleCase [test_cases/declaration_naming/types.input.zig:5:7] declaration_naming

 5 | const myBadOptionalStruct: ?type = struct { a: u32 };
   |       ^^^^^^^^^^^^^^^^^^^

error Type declaration should be TitleCase [test_cases/declaration_naming/types.input.zig:6:7] declaration_naming

 6 | const my_bad_optional_struct: ?type = struct { a: u32 };
   |       ^^^^^^^^^^^^^^^^^^^^^^

error Enum declaration should be TitleCase [test_cases/declaration_naming/types.input.zig:9:7] declaration_naming

 9 | const myBadEnum = enum { a, b };
   |       ^^^^^^^^^

error Enum declaration should be TitleCase [test_cases/declaration_naming/types.input.zig:10:7] declaration_naming

 10 | const my_bad_enum = MyGoodEnum;
    |       ^^^^^^^^^^^

error Union declaration should be TitleCase [test_cases/declaration_naming/types.input.zig:13:7] declaration_naming

 13 | const myBadUnion = union(enum) { a: u32, b: u64 };
    |       ^^^^^^^^^^

error Union declaration should be TitleCase [test_cases/declaration_naming/types.input.zig:14:7] declaration_naming

 14 | const my_bad_union = MyGoodUnion;
    |       ^^^^^^^^^^^^

error Variable declaration should be snake_case [test_cases/declaration_naming/types.input.zig:17:5] declaration_naming

 17 | var BadInt = 10;
    |     ^^^^^^

error Variable declaration should be snake_case [test_cases/declaration_naming/types.input.zig:18:5] declaration_naming

 18 | var badInt = 10;
    |     ^^^^^^

error Type declaration should be TitleCase [test_cases/declaration_naming/types.input.zig:21:5] declaration_naming

 21 | var badType = u32;
    |     ^^^^^^^

error Type declaration should be TitleCase [test_cases/declaration_naming/types.input.zig:22:5] declaration_naming

 22 | var bad_type = @TypeOf(badType);
    |     ^^^^^^^^

error Type declaration should be TitleCase [test_cases/declaration_naming/types.input.zig:26:5] declaration_naming

 26 | var badOptionalType: ?type = null;
    |     ^^^^^^^^^^^^^^^

error Type declaration should be TitleCase [test_cases/declaration_naming/types.input.zig:27:5] declaration_naming

 27 | var bad_optional_type: ?type = null;
    |     ^^^^^^^^^^^^^^^^^

error Type declaration should be TitleCase [test_cases/declaration_naming/types.input.zig:32:11] declaration_naming

 32 |     const badAnyType = @TypeOf(in);
    |           ^^^^^^^^^^

error Type declaration should be TitleCase [test_cases/declaration_naming/types.input.zig:33:11] declaration_naming

 33 |     const bad_any_type = @TypeOf(in);
    |           ^^^^^^^^^^^^

error Error declaration should be TitleCase [test_cases/declaration_naming/types.input.zig:39:7] declaration_naming

 39 | const myBadError = error{ ErrorA, ErrorB };
    |       ^^^^^^^^^^

error Error declaration should be TitleCase [test_cases/declaration_naming/types.input.zig:40:7] declaration_naming

 40 | const my_bad_error = MyGoodError;
    |       ^^^^^^^^^^^^

error Error declaration should be TitleCase [test_cases/declaration_naming/types.input.zig:44:7] declaration_naming

 44 | const alsoMyBadError = MyGoodError || my_bad_error;
    |       ^^^^^^^^^^^^^^

error Error declaration should be TitleCase [test_cases/declaration_naming/types.input.zig:45:7] declaration_naming

 45 | const also_my_bad_error = MyGoodError || my_bad_error;
    |       ^^^^^^^^^^^^^^^^^

error Constant declaration should be snake_case [test_cases/declaration_naming/types.input.zig:53:14] declaration_naming

 53 | export const BadExport: u32 = 10;
    |              ^^^^^^^^^

error Constant declaration should be snake_case [test_cases/declaration_naming/types.input.zig:54:14] declaration_naming

 54 | export const badExport: u32 = 10;
    |              ^^^^^^^^^

error Constant declaration should be snake_case [test_cases/declaration_naming/types.input.zig:67:7] declaration_naming

 67 | const NOT_ALIAS = system.FAILURE;
    |       ^^^^^^^^^

x 23 errors
x 2 skipped
