error Variable declaration should be snake_case [rules/declaration_naming.input.zig:1:9] declaration_naming

 1 | pub var BadName = 10;
   |         ^^^^^^^

error Variable declaration should be snake_case [rules/declaration_naming.input.zig:2:9] declaration_naming

 2 | pub var BadNameAgain: u32 = undefined;
   |         ^^^^^^^^^^^^

error Variable declaration should be snake_case [rules/declaration_naming.input.zig:3:9] declaration_naming

 3 | pub var GoodOne: ?type = null;
   |         ^^^^^^^

error Variable declaration should be snake_case [rules/declaration_naming.input.zig:4:9] declaration_naming

 4 | pub var GoodOneAgain: ?type = null;
   |         ^^^^^^^^^^^^

error Variable declaration should be snake_case [rules/declaration_naming.input.zig:22:9] declaration_naming

 22 | pub var badNum: u32;
    |         ^^^^^^

error Variable declaration should be snake_case [rules/declaration_naming.input.zig:23:9] declaration_naming

 23 | pub var anotherBadNum: u32 = 10;
    |         ^^^^^^^^^^^^^

error Variable declaration should be snake_case [rules/declaration_naming.input.zig:24:9] declaration_naming

 24 | pub var YetAnotherBadNum: usize = 10;
    |         ^^^^^^^^^^^^^^^^

error Constant declaration should be snake_case [rules/declaration_naming.input.zig:26:7] declaration_naming

 26 | const shouldBeTitleCase: ?type = null;
    |       ^^^^^^^^^^^^^^^^^

x 8 errors
