error Struct fields should be snake_case [./rules/field_naming.input.zig:7:1] field_naming

 7 | thisIsNotOk: ChildStruct,
   | ^^^^^^^^^^^

error Struct fields should be snake_case [./rules/field_naming.input.zig:8:1] field_naming

 8 | ThisIsAlsoNotOk: union {
   | ^^^^^^^^^^^^^^^

error Enum fields should be snake_case [./rules/field_naming.input.zig:4:5] field_naming

 4 |     NotOk,
   |     ^^^^^

error Enum fields should be snake_case [./rules/field_naming.input.zig:5:5] field_naming

 5 |     notOk,
   |     ^^^^^

error Union fields should be snake_case [./rules/field_naming.input.zig:10:5] field_naming

 10 |     notOk: f32,
    |     ^^^^^

error Union fields should be snake_case [./rules/field_naming.input.zig:11:5] field_naming

 11 |     AlsoNotOk: i32,
    |     ^^^^^^^^^

error Error fields should be TitleCase [./rules/field_naming.input.zig:18:5] field_naming

 18 |     not_ok_error,
    |     ^^^^^^^^^^^^

error Error fields should be TitleCase [./rules/field_naming.input.zig:17:5] field_naming

 17 |     notOkError,
    |     ^^^^^^^^^^

error Struct fields should be snake_case [./rules/field_naming.input.zig:23:5] field_naming

 23 |     thisIsNotOk: u32,
    |     ^^^^^^^^^^^

error Struct fields should be snake_case [./rules/field_naming.input.zig:24:5] field_naming

 24 |     ThisIsNotOk: u32,
    |     ^^^^^^^^^^^

x 10 errors
