error Callable should be camelCase [rules/function_naming.input.zig:1:4] function_naming

 1 | fn this_is_not_ok() void {}
   |    ^^^^^^^^^^^^^^

error Callable should be camelCase [rules/function_naming.input.zig:3:4] function_naming

 3 | fn ThisIsAlsoNotOk() void {}
   |    ^^^^^^^^^^^^^^^

error Callable returning `type` should be TitleCase [rules/function_naming.input.zig:9:4] function_naming

 9 | fn thisIsNotOk() type {}
   |    ^^^^^^^^^^^

error Callable should be camelCase [rules/function_naming.input.zig:12:8] function_naming

 12 |     fn this_is_not_ok() void {}
    |        ^^^^^^^^^^^^^^

error Callable should be camelCase [rules/function_naming.input.zig:14:8] function_naming

 14 |     fn ThisIsAlsoNotOk() void {}
    |        ^^^^^^^^^^^^^^^

error Callable returning `type` should be TitleCase [rules/function_naming.input.zig:20:8] function_naming

 20 |     fn thisIsNotOk() type {}
    |        ^^^^^^^^^^^

error Function argument should be snake_case [rules/function_naming.input.zig:23:9] function_naming

 23 | fn here(Arg: u32, t: type, fn_call: *const fn (A: u32) void) t {
    |         ^^^

error Function argument of type should be TitleCase [rules/function_naming.input.zig:23:19] function_naming

 23 | fn here(Arg: u32, t: type, fn_call: *const fn (A: u32) void) t {
    |                   ^

error Function argument of function should be camelCase [rules/function_naming.input.zig:23:28] function_naming

 23 | fn here(Arg: u32, t: type, fn_call: *const fn (A: u32) void) t {
    |                            ^^^^^^^

error Function argument should be snake_case [rules/function_naming.input.zig:23:48] function_naming

 23 | fn here(Arg: u32, t: type, fn_call: *const fn (A: u32) void) t {
    |                                                ^

x 10 errors
