5 fixes applied to: .zig-cache/tmp/no_unused_container_declarations.input.zig
Fixed 5 issues in 1 files!
3 issues disabled by comments.
