warning Function returns an inferred error union. Prefer an explicit error set [test_cases/no_inferred_error_unions/no_inferred_error_unions.input.zig:1:1] no_inferred_error_unions

 1 | pub fn pubBad() !void {
   | ^^^^^^^^^^^^^^^^^^^^^

x 1 warnings
