warning Import 'apple_namespace' is not in alphabetical order [test_cases/import_ordering/ascending.input.zig:20:5] import_ordering

 20 |     const apple_namespace = @import("apple_namespace");
    |     ^^^^^^^^^^^^^^^^^^^^^^^^^^^^^^^^^^^^^^^^^^^^^^^^^^

warning Import 'apple_main' is not in alphabetical order [test_cases/import_ordering/ascending.input.zig:12:5] import_ordering

 12 |     const apple_main = @import("apple_main");
    |     ^^^^^^^^^^^^^^^^^^^^^^^^^^^^^^^^^^^^^^^^

warning Import 'appricot' is not in alphabetical order [test_cases/import_ordering/ascending.input.zig:3:1] import_ordering

 3 | const appricot = @import("appricot");
   | ^^^^^^^^^^^^^^^^^^^^^^^^^^^^^^^^^^^^

x 3 warnings
