2 fixes applied to: .zig-cache/tmp/import_ordering.input.zig
Fixed 2 issues in 1 files!
0 issues disabled by comments.
